// Jest Snapshot v1, https://goo.gl/fbAQLP

exports[`ReadData with "exac" dataset selected has no unexpected changes 1`] = `
<div>
  <p>
    This interactive
     
    <a
      className="Link-sc-14lgydv-0 Link__ExternalLink-sc-14lgydv-1 haNmsP"
      href="https://github.com/igvteam/igv.js"
      rel="noopener noreferrer"
      target="_blank"
    >
      IGV.js
    </a>
     visualization shows reads that went into calling this variant. Reads may not be available for every sample carrying this variant.
  </p>
  <p>
    These are reassembled reads produced by
     
    <a
      className="Link-sc-14lgydv-0 Link__ExternalLink-sc-14lgydv-1 haNmsP"
      href="https://www.broadinstitute.org/gatk/gatkdocs/org_broadinstitute_gatk_tools_walkers_haplotypecaller_HaplotypeCaller.php#--bamOutput"
      rel="noopener noreferrer"
      target="_blank"
    >
      GATK HaplotypeCaller --bamOutput
    </a>
    , so they accurately represent what HaplotypeCaller was seeing when it called this variant.
  </p>
  <div
    className="ReadData__ControlContainer-sc-10qachg-0 dgUgCF"
  >
    <strong>
      Exomes:
    </strong>
    <button
      className="Button__BaseButton-sc-1eobygi-0 Button-sc-1eobygi-1 indcWT"
      disabled={true}
      onClick={[Function]}
      type="button"
    >
      Load +1 
      het
    </button>
    <button
      className="Button__BaseButton-sc-1eobygi-0 Button-sc-1eobygi-1 indcWT"
      disabled={false}
      onClick={[Function]}
      type="button"
    >
      Load +1 
      hom
    </button>
  </div>
  <div
    className="ReadData__ControlContainer-sc-10qachg-0 dgUgCF"
  >
    <button
      className="Button__BaseButton-sc-1eobygi-0 Button-sc-1eobygi-1 indcWT"
      disabled={false}
      onClick={[Function]}
      style={
        Object {
          "marginLeft": "80px",
        }
      }
      type="button"
    >
      Load all
    </button>
  </div>
</div>
`;

exports[`ReadData with "gnomad_r2_1" dataset selected has no unexpected changes 1`] = `
<div>
  <p>
    This interactive
     
    <a
      className="Link-sc-14lgydv-0 Link__ExternalLink-sc-14lgydv-1 haNmsP"
      href="https://github.com/igvteam/igv.js"
      rel="noopener noreferrer"
      target="_blank"
    >
      IGV.js
    </a>
     visualization shows reads that went into calling this variant. Reads may not be available for every sample carrying this variant.
  </p>
  <p>
    These are reassembled reads produced by
     
    <a
      className="Link-sc-14lgydv-0 Link__ExternalLink-sc-14lgydv-1 haNmsP"
      href="https://www.broadinstitute.org/gatk/gatkdocs/org_broadinstitute_gatk_tools_walkers_haplotypecaller_HaplotypeCaller.php#--bamOutput"
      rel="noopener noreferrer"
      target="_blank"
    >
      GATK HaplotypeCaller --bamOutput
    </a>
    , so they accurately represent what HaplotypeCaller was seeing when it called this variant.
  </p>
  <p>
    <span
      className="Badge__BadgeWrapper-j4izdp-1 cJObdY"
    >
      Note
    </span>
     Reads shown here may include low quality genotypes that were excluded from allele counts.
  </p>
  <div
    className="ReadData__ControlContainer-sc-10qachg-0 dgUgCF"
  >
    <strong>
      Exomes:
    </strong>
    <button
      className="Button__BaseButton-sc-1eobygi-0 Button-sc-1eobygi-1 indcWT"
      disabled={true}
      onClick={[Function]}
      type="button"
    >
      Load +1 
      het
    </button>
    <button
      className="Button__BaseButton-sc-1eobygi-0 Button-sc-1eobygi-1 indcWT"
      disabled={false}
      onClick={[Function]}
      type="button"
    >
      Load +1 
      hom
    </button>
  </div>
  <div
    className="ReadData__ControlContainer-sc-10qachg-0 dgUgCF"
  >
    <button
      className="Button__BaseButton-sc-1eobygi-0 Button-sc-1eobygi-1 indcWT"
      disabled={false}
      onClick={[Function]}
      style={
        Object {
          "marginLeft": "80px",
        }
      }
      type="button"
    >
      Load all
    </button>
  </div>
</div>
`;

exports[`ReadData with "gnomad_r2_1_controls" dataset selected has no unexpected changes 1`] = `
<div>
  <p>
    This interactive
     
    <a
      className="Link-sc-14lgydv-0 Link__ExternalLink-sc-14lgydv-1 haNmsP"
      href="https://github.com/igvteam/igv.js"
      rel="noopener noreferrer"
      target="_blank"
    >
      IGV.js
    </a>
     visualization shows reads that went into calling this variant. Reads may not be available for every sample carrying this variant.
  </p>
  <p>
    These are reassembled reads produced by
     
    <a
      className="Link-sc-14lgydv-0 Link__ExternalLink-sc-14lgydv-1 haNmsP"
      href="https://www.broadinstitute.org/gatk/gatkdocs/org_broadinstitute_gatk_tools_walkers_haplotypecaller_HaplotypeCaller.php#--bamOutput"
      rel="noopener noreferrer"
      target="_blank"
    >
      GATK HaplotypeCaller --bamOutput
    </a>
    , so they accurately represent what HaplotypeCaller was seeing when it called this variant.
  </p>
  <p>
    <span
      className="Badge__BadgeWrapper-j4izdp-1 cJObdY"
    >
      Note
    </span>
     Reads shown here may include low quality genotypes that were excluded from allele counts.
  </p>
  <p>
    <span
      className="Badge__BadgeWrapper-j4izdp-1 cJObdY"
    >
      Note
    </span>
     Samples shown below are not guaranteed to be part of the selected subset.
  </p>
  <div
    className="ReadData__ControlContainer-sc-10qachg-0 dgUgCF"
  >
    <strong>
      Exomes:
    </strong>
    <button
      className="Button__BaseButton-sc-1eobygi-0 Button-sc-1eobygi-1 indcWT"
      disabled={true}
      onClick={[Function]}
      type="button"
    >
      Load +1 
      het
    </button>
    <button
      className="Button__BaseButton-sc-1eobygi-0 Button-sc-1eobygi-1 indcWT"
      disabled={false}
      onClick={[Function]}
      type="button"
    >
      Load +1 
      hom
    </button>
  </div>
  <div
    className="ReadData__ControlContainer-sc-10qachg-0 dgUgCF"
  >
    <button
      className="Button__BaseButton-sc-1eobygi-0 Button-sc-1eobygi-1 indcWT"
      disabled={false}
      onClick={[Function]}
      style={
        Object {
          "marginLeft": "80px",
        }
      }
      type="button"
    >
      Load all
    </button>
  </div>
</div>
`;

exports[`ReadData with "gnomad_r2_1_non_cancer" dataset selected has no unexpected changes 1`] = `
<div>
  <p>
    This interactive
     
    <a
      className="Link-sc-14lgydv-0 Link__ExternalLink-sc-14lgydv-1 haNmsP"
      href="https://github.com/igvteam/igv.js"
      rel="noopener noreferrer"
      target="_blank"
    >
      IGV.js
    </a>
     visualization shows reads that went into calling this variant. Reads may not be available for every sample carrying this variant.
  </p>
  <p>
    These are reassembled reads produced by
     
    <a
      className="Link-sc-14lgydv-0 Link__ExternalLink-sc-14lgydv-1 haNmsP"
      href="https://www.broadinstitute.org/gatk/gatkdocs/org_broadinstitute_gatk_tools_walkers_haplotypecaller_HaplotypeCaller.php#--bamOutput"
      rel="noopener noreferrer"
      target="_blank"
    >
      GATK HaplotypeCaller --bamOutput
    </a>
    , so they accurately represent what HaplotypeCaller was seeing when it called this variant.
  </p>
  <p>
    <span
      className="Badge__BadgeWrapper-j4izdp-1 cJObdY"
    >
      Note
    </span>
     Reads shown here may include low quality genotypes that were excluded from allele counts.
  </p>
  <p>
    <span
      className="Badge__BadgeWrapper-j4izdp-1 cJObdY"
    >
      Note
    </span>
     Samples shown below are not guaranteed to be part of the selected subset.
  </p>
  <div
    className="ReadData__ControlContainer-sc-10qachg-0 dgUgCF"
  >
    <strong>
      Exomes:
    </strong>
    <button
      className="Button__BaseButton-sc-1eobygi-0 Button-sc-1eobygi-1 indcWT"
      disabled={true}
      onClick={[Function]}
      type="button"
    >
      Load +1 
      het
    </button>
    <button
      className="Button__BaseButton-sc-1eobygi-0 Button-sc-1eobygi-1 indcWT"
      disabled={false}
      onClick={[Function]}
      type="button"
    >
      Load +1 
      hom
    </button>
  </div>
  <div
    className="ReadData__ControlContainer-sc-10qachg-0 dgUgCF"
  >
    <button
      className="Button__BaseButton-sc-1eobygi-0 Button-sc-1eobygi-1 indcWT"
      disabled={false}
      onClick={[Function]}
      style={
        Object {
          "marginLeft": "80px",
        }
      }
      type="button"
    >
      Load all
    </button>
  </div>
</div>
`;

exports[`ReadData with "gnomad_r2_1_non_neuro" dataset selected has no unexpected changes 1`] = `
<div>
  <p>
    This interactive
     
    <a
      className="Link-sc-14lgydv-0 Link__ExternalLink-sc-14lgydv-1 haNmsP"
      href="https://github.com/igvteam/igv.js"
      rel="noopener noreferrer"
      target="_blank"
    >
      IGV.js
    </a>
     visualization shows reads that went into calling this variant. Reads may not be available for every sample carrying this variant.
  </p>
  <p>
    These are reassembled reads produced by
     
    <a
      className="Link-sc-14lgydv-0 Link__ExternalLink-sc-14lgydv-1 haNmsP"
      href="https://www.broadinstitute.org/gatk/gatkdocs/org_broadinstitute_gatk_tools_walkers_haplotypecaller_HaplotypeCaller.php#--bamOutput"
      rel="noopener noreferrer"
      target="_blank"
    >
      GATK HaplotypeCaller --bamOutput
    </a>
    , so they accurately represent what HaplotypeCaller was seeing when it called this variant.
  </p>
  <p>
    <span
      className="Badge__BadgeWrapper-j4izdp-1 cJObdY"
    >
      Note
    </span>
     Reads shown here may include low quality genotypes that were excluded from allele counts.
  </p>
  <p>
    <span
      className="Badge__BadgeWrapper-j4izdp-1 cJObdY"
    >
      Note
    </span>
     Samples shown below are not guaranteed to be part of the selected subset.
  </p>
  <div
    className="ReadData__ControlContainer-sc-10qachg-0 dgUgCF"
  >
    <strong>
      Exomes:
    </strong>
    <button
      className="Button__BaseButton-sc-1eobygi-0 Button-sc-1eobygi-1 indcWT"
      disabled={true}
      onClick={[Function]}
      type="button"
    >
      Load +1 
      het
    </button>
    <button
      className="Button__BaseButton-sc-1eobygi-0 Button-sc-1eobygi-1 indcWT"
      disabled={false}
      onClick={[Function]}
      type="button"
    >
      Load +1 
      hom
    </button>
  </div>
  <div
    className="ReadData__ControlContainer-sc-10qachg-0 dgUgCF"
  >
    <button
      className="Button__BaseButton-sc-1eobygi-0 Button-sc-1eobygi-1 indcWT"
      disabled={false}
      onClick={[Function]}
      style={
        Object {
          "marginLeft": "80px",
        }
      }
      type="button"
    >
      Load all
    </button>
  </div>
</div>
`;

exports[`ReadData with "gnomad_r2_1_non_topmed" dataset selected has no unexpected changes 1`] = `
<div>
  <p>
    This interactive
     
    <a
      className="Link-sc-14lgydv-0 Link__ExternalLink-sc-14lgydv-1 haNmsP"
      href="https://github.com/igvteam/igv.js"
      rel="noopener noreferrer"
      target="_blank"
    >
      IGV.js
    </a>
     visualization shows reads that went into calling this variant. Reads may not be available for every sample carrying this variant.
  </p>
  <p>
    These are reassembled reads produced by
     
    <a
      className="Link-sc-14lgydv-0 Link__ExternalLink-sc-14lgydv-1 haNmsP"
      href="https://www.broadinstitute.org/gatk/gatkdocs/org_broadinstitute_gatk_tools_walkers_haplotypecaller_HaplotypeCaller.php#--bamOutput"
      rel="noopener noreferrer"
      target="_blank"
    >
      GATK HaplotypeCaller --bamOutput
    </a>
    , so they accurately represent what HaplotypeCaller was seeing when it called this variant.
  </p>
  <p>
    <span
      className="Badge__BadgeWrapper-j4izdp-1 cJObdY"
    >
      Note
    </span>
     Reads shown here may include low quality genotypes that were excluded from allele counts.
  </p>
  <p>
    <span
      className="Badge__BadgeWrapper-j4izdp-1 cJObdY"
    >
      Note
    </span>
     Samples shown below are not guaranteed to be part of the selected subset.
  </p>
  <div
    className="ReadData__ControlContainer-sc-10qachg-0 dgUgCF"
  >
    <strong>
      Exomes:
    </strong>
    <button
      className="Button__BaseButton-sc-1eobygi-0 Button-sc-1eobygi-1 indcWT"
      disabled={true}
      onClick={[Function]}
      type="button"
    >
      Load +1 
      het
    </button>
    <button
      className="Button__BaseButton-sc-1eobygi-0 Button-sc-1eobygi-1 indcWT"
      disabled={false}
      onClick={[Function]}
      type="button"
    >
      Load +1 
      hom
    </button>
  </div>
  <div
    className="ReadData__ControlContainer-sc-10qachg-0 dgUgCF"
  >
    <button
      className="Button__BaseButton-sc-1eobygi-0 Button-sc-1eobygi-1 indcWT"
      disabled={false}
      onClick={[Function]}
      style={
        Object {
          "marginLeft": "80px",
        }
      }
      type="button"
    >
      Load all
    </button>
  </div>
</div>
`;

exports[`ReadData with "gnomad_r3" dataset selected has no unexpected changes 1`] = `
<div>
  <p>
    This interactive
     
    <a
      className="Link-sc-14lgydv-0 Link__ExternalLink-sc-14lgydv-1 haNmsP"
      href="https://github.com/igvteam/igv.js"
      rel="noopener noreferrer"
      target="_blank"
    >
      IGV.js
    </a>
     visualization shows reads that went into calling this variant. Reads may not be available for every sample carrying this variant.
  </p>
  <p>
    These are reassembled reads produced by
     
    <a
      className="Link-sc-14lgydv-0 Link__ExternalLink-sc-14lgydv-1 haNmsP"
      href="https://www.broadinstitute.org/gatk/gatkdocs/org_broadinstitute_gatk_tools_walkers_haplotypecaller_HaplotypeCaller.php#--bamOutput"
      rel="noopener noreferrer"
      target="_blank"
    >
      GATK HaplotypeCaller --bamOutput
    </a>
    , so they accurately represent what HaplotypeCaller was seeing when it called this variant.
  </p>
  <div
    className="ReadData__ControlContainer-sc-10qachg-0 dgUgCF"
  >
    <strong>
      Exomes:
    </strong>
    <button
      className="Button__BaseButton-sc-1eobygi-0 Button-sc-1eobygi-1 indcWT"
      disabled={true}
      onClick={[Function]}
      type="button"
    >
      Load +1 
      het
    </button>
    <button
      className="Button__BaseButton-sc-1eobygi-0 Button-sc-1eobygi-1 indcWT"
      disabled={false}
      onClick={[Function]}
      type="button"
    >
      Load +1 
      hom
    </button>
  </div>
  <div
    className="ReadData__ControlContainer-sc-10qachg-0 dgUgCF"
  >
    <button
      className="Button__BaseButton-sc-1eobygi-0 Button-sc-1eobygi-1 indcWT"
      disabled={false}
      onClick={[Function]}
      style={
        Object {
          "marginLeft": "80px",
        }
      }
      type="button"
    >
      Load all
    </button>
  </div>
</div>
`;

exports[`ReadData with "gnomad_r3_controls_and_biobanks" dataset selected has no unexpected changes 1`] = `
<div>
  <p>
    This interactive
     
    <a
      className="Link-sc-14lgydv-0 Link__ExternalLink-sc-14lgydv-1 haNmsP"
      href="https://github.com/igvteam/igv.js"
      rel="noopener noreferrer"
      target="_blank"
    >
      IGV.js
    </a>
     visualization shows reads that went into calling this variant. Reads may not be available for every sample carrying this variant.
  </p>
  <p>
    These are reassembled reads produced by
     
    <a
      className="Link-sc-14lgydv-0 Link__ExternalLink-sc-14lgydv-1 haNmsP"
      href="https://www.broadinstitute.org/gatk/gatkdocs/org_broadinstitute_gatk_tools_walkers_haplotypecaller_HaplotypeCaller.php#--bamOutput"
      rel="noopener noreferrer"
      target="_blank"
    >
      GATK HaplotypeCaller --bamOutput
    </a>
    , so they accurately represent what HaplotypeCaller was seeing when it called this variant.
  </p>
  <p>
    <span
      className="Badge__BadgeWrapper-j4izdp-1 cJObdY"
    >
      Note
    </span>
     Samples shown below are not guaranteed to be part of the selected subset.
  </p>
  <div
    className="ReadData__ControlContainer-sc-10qachg-0 dgUgCF"
  >
    <strong>
      Exomes:
    </strong>
    <button
      className="Button__BaseButton-sc-1eobygi-0 Button-sc-1eobygi-1 indcWT"
      disabled={true}
      onClick={[Function]}
      type="button"
    >
      Load +1 
      het
    </button>
    <button
      className="Button__BaseButton-sc-1eobygi-0 Button-sc-1eobygi-1 indcWT"
      disabled={false}
      onClick={[Function]}
      type="button"
    >
      Load +1 
      hom
    </button>
  </div>
  <div
    className="ReadData__ControlContainer-sc-10qachg-0 dgUgCF"
  >
    <button
      className="Button__BaseButton-sc-1eobygi-0 Button-sc-1eobygi-1 indcWT"
      disabled={false}
      onClick={[Function]}
      style={
        Object {
          "marginLeft": "80px",
        }
      }
      type="button"
    >
      Load all
    </button>
  </div>
</div>
`;

exports[`ReadData with "gnomad_r3_non_cancer" dataset selected has no unexpected changes 1`] = `
<div>
  <p>
    This interactive
     
    <a
      className="Link-sc-14lgydv-0 Link__ExternalLink-sc-14lgydv-1 haNmsP"
      href="https://github.com/igvteam/igv.js"
      rel="noopener noreferrer"
      target="_blank"
    >
      IGV.js
    </a>
     visualization shows reads that went into calling this variant. Reads may not be available for every sample carrying this variant.
  </p>
  <p>
    These are reassembled reads produced by
     
    <a
      className="Link-sc-14lgydv-0 Link__ExternalLink-sc-14lgydv-1 haNmsP"
      href="https://www.broadinstitute.org/gatk/gatkdocs/org_broadinstitute_gatk_tools_walkers_haplotypecaller_HaplotypeCaller.php#--bamOutput"
      rel="noopener noreferrer"
      target="_blank"
    >
      GATK HaplotypeCaller --bamOutput
    </a>
    , so they accurately represent what HaplotypeCaller was seeing when it called this variant.
  </p>
  <p>
    <span
      className="Badge__BadgeWrapper-j4izdp-1 cJObdY"
    >
      Note
    </span>
     Samples shown below are not guaranteed to be part of the selected subset.
  </p>
  <div
    className="ReadData__ControlContainer-sc-10qachg-0 dgUgCF"
  >
    <strong>
      Exomes:
    </strong>
    <button
      className="Button__BaseButton-sc-1eobygi-0 Button-sc-1eobygi-1 indcWT"
      disabled={true}
      onClick={[Function]}
      type="button"
    >
      Load +1 
      het
    </button>
    <button
      className="Button__BaseButton-sc-1eobygi-0 Button-sc-1eobygi-1 indcWT"
      disabled={false}
      onClick={[Function]}
      type="button"
    >
      Load +1 
      hom
    </button>
  </div>
  <div
    className="ReadData__ControlContainer-sc-10qachg-0 dgUgCF"
  >
    <button
      className="Button__BaseButton-sc-1eobygi-0 Button-sc-1eobygi-1 indcWT"
      disabled={false}
      onClick={[Function]}
      style={
        Object {
          "marginLeft": "80px",
        }
      }
      type="button"
    >
      Load all
    </button>
  </div>
</div>
`;

exports[`ReadData with "gnomad_r3_non_neuro" dataset selected has no unexpected changes 1`] = `
<div>
  <p>
    This interactive
     
    <a
      className="Link-sc-14lgydv-0 Link__ExternalLink-sc-14lgydv-1 haNmsP"
      href="https://github.com/igvteam/igv.js"
      rel="noopener noreferrer"
      target="_blank"
    >
      IGV.js
    </a>
     visualization shows reads that went into calling this variant. Reads may not be available for every sample carrying this variant.
  </p>
  <p>
    These are reassembled reads produced by
     
    <a
      className="Link-sc-14lgydv-0 Link__ExternalLink-sc-14lgydv-1 haNmsP"
      href="https://www.broadinstitute.org/gatk/gatkdocs/org_broadinstitute_gatk_tools_walkers_haplotypecaller_HaplotypeCaller.php#--bamOutput"
      rel="noopener noreferrer"
      target="_blank"
    >
      GATK HaplotypeCaller --bamOutput
    </a>
    , so they accurately represent what HaplotypeCaller was seeing when it called this variant.
  </p>
  <p>
    <span
      className="Badge__BadgeWrapper-j4izdp-1 cJObdY"
    >
      Note
    </span>
     Samples shown below are not guaranteed to be part of the selected subset.
  </p>
  <div
    className="ReadData__ControlContainer-sc-10qachg-0 dgUgCF"
  >
    <strong>
      Exomes:
    </strong>
    <button
      className="Button__BaseButton-sc-1eobygi-0 Button-sc-1eobygi-1 indcWT"
      disabled={true}
      onClick={[Function]}
      type="button"
    >
      Load +1 
      het
    </button>
    <button
      className="Button__BaseButton-sc-1eobygi-0 Button-sc-1eobygi-1 indcWT"
      disabled={false}
      onClick={[Function]}
      type="button"
    >
      Load +1 
      hom
    </button>
  </div>
  <div
    className="ReadData__ControlContainer-sc-10qachg-0 dgUgCF"
  >
    <button
      className="Button__BaseButton-sc-1eobygi-0 Button-sc-1eobygi-1 indcWT"
      disabled={false}
      onClick={[Function]}
      style={
        Object {
          "marginLeft": "80px",
        }
      }
      type="button"
    >
      Load all
    </button>
  </div>
</div>
`;

exports[`ReadData with "gnomad_r3_non_topmed" dataset selected has no unexpected changes 1`] = `
<div>
  <p>
    This interactive
     
    <a
      className="Link-sc-14lgydv-0 Link__ExternalLink-sc-14lgydv-1 haNmsP"
      href="https://github.com/igvteam/igv.js"
      rel="noopener noreferrer"
      target="_blank"
    >
      IGV.js
    </a>
     visualization shows reads that went into calling this variant. Reads may not be available for every sample carrying this variant.
  </p>
  <p>
    These are reassembled reads produced by
     
    <a
      className="Link-sc-14lgydv-0 Link__ExternalLink-sc-14lgydv-1 haNmsP"
      href="https://www.broadinstitute.org/gatk/gatkdocs/org_broadinstitute_gatk_tools_walkers_haplotypecaller_HaplotypeCaller.php#--bamOutput"
      rel="noopener noreferrer"
      target="_blank"
    >
      GATK HaplotypeCaller --bamOutput
    </a>
    , so they accurately represent what HaplotypeCaller was seeing when it called this variant.
  </p>
  <p>
    <span
      className="Badge__BadgeWrapper-j4izdp-1 cJObdY"
    >
      Note
    </span>
     Samples shown below are not guaranteed to be part of the selected subset.
  </p>
  <div
    className="ReadData__ControlContainer-sc-10qachg-0 dgUgCF"
  >
    <strong>
      Exomes:
    </strong>
    <button
      className="Button__BaseButton-sc-1eobygi-0 Button-sc-1eobygi-1 indcWT"
      disabled={true}
      onClick={[Function]}
      type="button"
    >
      Load +1 
      het
    </button>
    <button
      className="Button__BaseButton-sc-1eobygi-0 Button-sc-1eobygi-1 indcWT"
      disabled={false}
      onClick={[Function]}
      type="button"
    >
      Load +1 
      hom
    </button>
  </div>
  <div
    className="ReadData__ControlContainer-sc-10qachg-0 dgUgCF"
  >
    <button
      className="Button__BaseButton-sc-1eobygi-0 Button-sc-1eobygi-1 indcWT"
      disabled={false}
      onClick={[Function]}
      style={
        Object {
          "marginLeft": "80px",
        }
      }
      type="button"
    >
      Load all
    </button>
  </div>
</div>
`;

exports[`ReadData with "gnomad_r3_non_v2" dataset selected has no unexpected changes 1`] = `
<div>
  <p>
    This interactive
     
    <a
      className="Link-sc-14lgydv-0 Link__ExternalLink-sc-14lgydv-1 haNmsP"
      href="https://github.com/igvteam/igv.js"
      rel="noopener noreferrer"
      target="_blank"
    >
      IGV.js
    </a>
     visualization shows reads that went into calling this variant. Reads may not be available for every sample carrying this variant.
  </p>
  <p>
    These are reassembled reads produced by
     
    <a
      className="Link-sc-14lgydv-0 Link__ExternalLink-sc-14lgydv-1 haNmsP"
      href="https://www.broadinstitute.org/gatk/gatkdocs/org_broadinstitute_gatk_tools_walkers_haplotypecaller_HaplotypeCaller.php#--bamOutput"
      rel="noopener noreferrer"
      target="_blank"
    >
      GATK HaplotypeCaller --bamOutput
    </a>
    , so they accurately represent what HaplotypeCaller was seeing when it called this variant.
  </p>
  <p>
    <span
      className="Badge__BadgeWrapper-j4izdp-1 cJObdY"
    >
      Note
    </span>
     Samples shown below are not guaranteed to be part of the selected subset.
  </p>
  <div
    className="ReadData__ControlContainer-sc-10qachg-0 dgUgCF"
  >
    <strong>
      Exomes:
    </strong>
    <button
      className="Button__BaseButton-sc-1eobygi-0 Button-sc-1eobygi-1 indcWT"
      disabled={true}
      onClick={[Function]}
      type="button"
    >
      Load +1 
      het
    </button>
    <button
      className="Button__BaseButton-sc-1eobygi-0 Button-sc-1eobygi-1 indcWT"
      disabled={false}
      onClick={[Function]}
      type="button"
    >
      Load +1 
      hom
    </button>
  </div>
  <div
    className="ReadData__ControlContainer-sc-10qachg-0 dgUgCF"
  >
    <button
      className="Button__BaseButton-sc-1eobygi-0 Button-sc-1eobygi-1 indcWT"
      disabled={false}
      onClick={[Function]}
      style={
        Object {
          "marginLeft": "80px",
        }
      }
      type="button"
    >
      Load all
    </button>
  </div>
</div>
`;

exports[`ReadData with "gnomad_sv_r2_1" dataset selected has no unexpected changes 1`] = `
<div>
  <p>
    This interactive
     
    <a
      className="Link-sc-14lgydv-0 Link__ExternalLink-sc-14lgydv-1 haNmsP"
      href="https://github.com/igvteam/igv.js"
      rel="noopener noreferrer"
      target="_blank"
    >
      IGV.js
    </a>
     visualization shows reads that went into calling this variant. Reads may not be available for every sample carrying this variant.
  </p>
  <p>
    These are reassembled reads produced by
     
    <a
      className="Link-sc-14lgydv-0 Link__ExternalLink-sc-14lgydv-1 haNmsP"
      href="https://www.broadinstitute.org/gatk/gatkdocs/org_broadinstitute_gatk_tools_walkers_haplotypecaller_HaplotypeCaller.php#--bamOutput"
      rel="noopener noreferrer"
      target="_blank"
    >
      GATK HaplotypeCaller --bamOutput
    </a>
    , so they accurately represent what HaplotypeCaller was seeing when it called this variant.
  </p>
  <div
    className="ReadData__ControlContainer-sc-10qachg-0 dgUgCF"
  >
    <strong>
      Exomes:
    </strong>
    <button
      className="Button__BaseButton-sc-1eobygi-0 Button-sc-1eobygi-1 indcWT"
      disabled={true}
      onClick={[Function]}
      type="button"
    >
      Load +1 
      het
    </button>
    <button
      className="Button__BaseButton-sc-1eobygi-0 Button-sc-1eobygi-1 indcWT"
      disabled={false}
      onClick={[Function]}
      type="button"
    >
      Load +1 
      hom
    </button>
  </div>
  <div
    className="ReadData__ControlContainer-sc-10qachg-0 dgUgCF"
  >
    <button
      className="Button__BaseButton-sc-1eobygi-0 Button-sc-1eobygi-1 indcWT"
      disabled={false}
      onClick={[Function]}
      style={
        Object {
          "marginLeft": "80px",
        }
      }
      type="button"
    >
      Load all
    </button>
  </div>
</div>
`;

exports[`ReadData with "gnomad_sv_r2_1_controls" dataset selected has no unexpected changes 1`] = `
<div>
  <p>
    This interactive
     
    <a
      className="Link-sc-14lgydv-0 Link__ExternalLink-sc-14lgydv-1 haNmsP"
      href="https://github.com/igvteam/igv.js"
      rel="noopener noreferrer"
      target="_blank"
    >
      IGV.js
    </a>
     visualization shows reads that went into calling this variant. Reads may not be available for every sample carrying this variant.
  </p>
  <p>
    These are reassembled reads produced by
     
    <a
      className="Link-sc-14lgydv-0 Link__ExternalLink-sc-14lgydv-1 haNmsP"
      href="https://www.broadinstitute.org/gatk/gatkdocs/org_broadinstitute_gatk_tools_walkers_haplotypecaller_HaplotypeCaller.php#--bamOutput"
      rel="noopener noreferrer"
      target="_blank"
    >
      GATK HaplotypeCaller --bamOutput
    </a>
    , so they accurately represent what HaplotypeCaller was seeing when it called this variant.
  </p>
  <p>
    <span
      className="Badge__BadgeWrapper-j4izdp-1 cJObdY"
    >
      Note
    </span>
     Samples shown below are not guaranteed to be part of the selected subset.
  </p>
  <div
    className="ReadData__ControlContainer-sc-10qachg-0 dgUgCF"
  >
    <strong>
      Exomes:
    </strong>
    <button
      className="Button__BaseButton-sc-1eobygi-0 Button-sc-1eobygi-1 indcWT"
      disabled={true}
      onClick={[Function]}
      type="button"
    >
      Load +1 
      het
    </button>
    <button
      className="Button__BaseButton-sc-1eobygi-0 Button-sc-1eobygi-1 indcWT"
      disabled={false}
      onClick={[Function]}
      type="button"
    >
      Load +1 
      hom
    </button>
  </div>
  <div
    className="ReadData__ControlContainer-sc-10qachg-0 dgUgCF"
  >
    <button
      className="Button__BaseButton-sc-1eobygi-0 Button-sc-1eobygi-1 indcWT"
      disabled={false}
      onClick={[Function]}
      style={
        Object {
          "marginLeft": "80px",
        }
      }
      type="button"
    >
      Load all
    </button>
  </div>
</div>
`;

exports[`ReadData with "gnomad_sv_r2_1_non_neuro" dataset selected has no unexpected changes 1`] = `
<div>
  <p>
    This interactive
     
    <a
      className="Link-sc-14lgydv-0 Link__ExternalLink-sc-14lgydv-1 haNmsP"
      href="https://github.com/igvteam/igv.js"
      rel="noopener noreferrer"
      target="_blank"
    >
      IGV.js
    </a>
     visualization shows reads that went into calling this variant. Reads may not be available for every sample carrying this variant.
  </p>
  <p>
    These are reassembled reads produced by
     
    <a
      className="Link-sc-14lgydv-0 Link__ExternalLink-sc-14lgydv-1 haNmsP"
      href="https://www.broadinstitute.org/gatk/gatkdocs/org_broadinstitute_gatk_tools_walkers_haplotypecaller_HaplotypeCaller.php#--bamOutput"
      rel="noopener noreferrer"
      target="_blank"
    >
      GATK HaplotypeCaller --bamOutput
    </a>
    , so they accurately represent what HaplotypeCaller was seeing when it called this variant.
  </p>
  <p>
    <span
      className="Badge__BadgeWrapper-j4izdp-1 cJObdY"
    >
      Note
    </span>
     Samples shown below are not guaranteed to be part of the selected subset.
  </p>
  <div
    className="ReadData__ControlContainer-sc-10qachg-0 dgUgCF"
  >
    <strong>
      Exomes:
    </strong>
    <button
      className="Button__BaseButton-sc-1eobygi-0 Button-sc-1eobygi-1 indcWT"
      disabled={true}
      onClick={[Function]}
      type="button"
    >
      Load +1 
      het
    </button>
    <button
      className="Button__BaseButton-sc-1eobygi-0 Button-sc-1eobygi-1 indcWT"
      disabled={false}
      onClick={[Function]}
      type="button"
    >
      Load +1 
      hom
    </button>
  </div>
  <div
    className="ReadData__ControlContainer-sc-10qachg-0 dgUgCF"
  >
    <button
      className="Button__BaseButton-sc-1eobygi-0 Button-sc-1eobygi-1 indcWT"
      disabled={false}
      onClick={[Function]}
      style={
        Object {
          "marginLeft": "80px",
        }
      }
      type="button"
    >
      Load all
    </button>
  </div>
</div>
`;
