// Jest Snapshot v1, https://goo.gl/fbAQLP

exports[`has no unexpected changes 1`] = `
[
  .c0 {
  height: calc(2em + 2px);
  padding: 0.375em 1.5em 0.375em 0.75em;
  border: 1px solid #6c757d;
  border-radius: 0.25em;
  -webkit-appearance: none;
  -moz-appearance: none;
  appearance: none;
  background-image: url('data:image/gif;base64,R0lGODlhFQAEAIAAACMtMP///yH5BAEAAAEALAAAAAAVAAQAAAINjB+gC+jP2ptn0WskLQA7');
  background-position: center right;
  background-repeat: no-repeat;
  font-size: 1em;
  line-height: 1.25;
  margin: 1em 1em 0 0;
}

.c0:focus {
  outline: none;
  border-color: rgb(70,130,180);
  box-shadow: 0 0 0 0.2em rgba(70,130,180,0.5);
}

<select
    className="c0"
    id="haplogroup-selected"
    onChange={[Function]}
    value="All"
  >
    <optgroup
      label="Haplogroup"
    >
      <option
        value="All"
      >
        All Haplogroups
      </option>
      <option
        value="A"
      >
        A
      </option>
      <option
        value="B"
      >
        B
      </option>
      <option
        value="C"
      >
        C
      </option>
      <option
        value="D"
      >
        D
      </option>
      <option
        value="E"
      >
        E
      </option>
      <option
        value="F"
      >
        F
      </option>
      <option
        value="G"
      >
        G
      </option>
      <option
        value="H"
      >
        H
      </option>
      <option
        value="HV"
      >
        HV
      </option>
      <option
        value="I"
      >
        I
      </option>
      <option
        value="J"
      >
        J
      </option>
      <option
        value="K"
      >
        K
      </option>
      <option
        value="L0"
      >
        L0
      </option>
      <option
        value="L1"
      >
        L1
      </option>
      <option
        value="L2"
      >
        L2
      </option>
      <option
        value="L3"
      >
        L3
      </option>
      <option
        value="L4"
      >
        L4
      </option>
      <option
        value="L5"
      >
        L5
      </option>
      <option
        value="M"
      >
        M
      </option>
      <option
        value="N"
      >
        N
      </option>
      <option
        value="P"
      >
        P
      </option>
      <option
        value="R"
      >
        R
      </option>
      <option
        value="T"
      >
        T
      </option>
      <option
        value="U"
      >
        U
      </option>
      <option
        value="V"
      >
        V
      </option>
      <option
        value="W"
      >
        W
      </option>
      <option
        value="X"
      >
        X
      </option>
      <option
        value="Y"
      >
        Y
      </option>
      <option
        value="Z"
      >
        Z
      </option>
    </optgroup>
  </select>,
  .c0 {
  height: calc(2em + 2px);
  padding: 0.375em 1.5em 0.375em 0.75em;
  border: 1px solid #6c757d;
  border-radius: 0.25em;
  -webkit-appearance: none;
  -moz-appearance: none;
  appearance: none;
  background-image: url('data:image/gif;base64,R0lGODlhFQAEAIAAACMtMP///yH5BAEAAAEALAAAAAAVAAQAAAINjB+gC+jP2ptn0WskLQA7');
  background-position: center right;
  background-repeat: no-repeat;
  font-size: 1em;
  line-height: 1.25;
  margin: 1em 1em 0 0;
}

.c0:focus {
  outline: none;
  border-color: rgb(70,130,180);
  box-shadow: 0 0 0 0.2em rgba(70,130,180,0.5);
}

<select
    className="c0"
    id="ancestry-selected"
    onChange={[Function]}
    value="All"
  >
    <optgroup
      label="Ancestry"
    >
      <option
        value="All"
      >
        All Ancestries
      </option>
      <option
        value="African/African American"
      >
        African/African American
      </option>
      <option
        value="Amish"
      >
        Amish
      </option>
      <option
        value="Latino/Admixed American"
      >
        Latino/Admixed American
      </option>
      <option
        value="Ashkenazi Jewish"
      >
        Ashkenazi Jewish
      </option>
      <option
        value="East Asian"
      >
        East Asian
      </option>
      <option
        value="European (Finnish)"
      >
        European (Finnish)
      </option>
      <option
        value="Middle Eastern"
      >
        Middle Eastern
      </option>
      <option
        value="European (non-Finnish)"
      >
        European (non-Finnish)
      </option>
      <option
        value="South Asian"
      >
        South Asian
      </option>
      <option
        value="Other"
      >
        Other
      </option>
    </optgroup>
  </select>,
  .c0 {
  border-collapse: collapse;
  border-spacing: 0;
  margin-top: 1em;
  margin-bottom: 1em;
}

.c0 td,
.c0 th {
  padding: 0.5em 10px 0.5em 0;
  text-align: left;
}

.c0 thead td,
.c0 thead th {
  border-bottom: 1px solid #000;
  background-position: center right;
  background-repeat: no-repeat;
}

.c0 thead td[aria-sort='ascending'],
.c0 thead th[aria-sort='ascending'] {
  background-image: url('data:image/gif;base64,R0lGODlhFQAEAIAAACMtMP///yH5BAEAAAEALAAAAAAVAAQAAAINjI8Bya2wnINUMopZAQA7');
}

.c0 thead td[aria-sort='descending'],
.c0 thead th[aria-sort='descending'] {
  background-image: url('data:image/gif;base64,R0lGODlhFQAEAIAAACMtMP///yH5BAEAAAEALAAAAAAVAAQAAAINjB+gC+jP2ptn0WskLQA7');
}

.c0 thead td button,
.c0 thead th button {
  padding: 0;
  border: none;
  background: none;
  color: inherit;
  cursor: pointer;
  font: inherit;
  outline: none;
  -webkit-user-select: none;
  -moz-user-select: none;
  -ms-user-select: none;
  user-select: none;
}

.c0 tbody td,
.c0 tbody th {
  border-bottom: 1px solid #ccc;
  font-weight: normal;
}

.c0 tfoot td,
.c0 tfoot th {
  border-top: 1px solid #ccc;
  font-weight: bold;
}

.c0 td {
  text-align: right;
}

<table
    className="c0"
  >
    <thead>
      <tr>
        <th
          scope="col"
        >
          Haplogroup
        </th>
        <th
          scope="col"
        >
          Population
        </th>
        <th
          scope="col"
        >
          Number of Samples
        </th>
      </tr>
    </thead>
    <tbody />
    <tfoot>
      <tr>
        <th
          scope="row"
        >
          Haplogroup: 
          All
        </th>
        <th>
          Ancestry: 
          All
        </th>
        <td>
          Samples:
           
          0
        </td>
      </tr>
    </tfoot>
  </table>,
]
`;
