// Jest Snapshot v1, https://goo.gl/fbAQLP

exports[`TissueExpressionTrack snapshot has no unexpected changes 1`] = `
<div
  className="TissueExpressionTrack__Wrapper-sc-1t85ku0-3 iexARk"
>
  <div
    className="TissueExpressionTrack__InnerWrapper-sc-1t85ku0-4 jdaBoy"
  >
    <div
      className="sc-bxivhb glCqXO"
    >
      <div
        className="sc-ifAKCX dBrAUy"
      >
        <div
          className="sc-bZQynM hIOTsG"
          style={
            {
              "width": 100,
            }
          }
        >
          <div
            className="TissueExpressionTrack__TissueName-sc-1t85ku0-5 duaCFM"
            style={
              {
                "fontSize": "12px",
                "justifyContent": "space-between",
                "marginRight": 0,
              }
            }
          >
            <button
              className="Button__BaseButton-sc-1eobygi-0 Button-sc-1eobygi-1 indcWT"
              disabled={false}
              onClick={[Function]}
              style={
                {
                  "height": "auto",
                  "paddingLeft": "0.25em",
                  "paddingRight": "0.25em",
                  "width": "70px",
                }
              }
              type="button"
            >
              Show
               tissues
            </button>
            <span
              style={
                {
                  "marginRight": "0.25em",
                  "textAlign": "right",
                }
              }
            >
              Mean pext
            </span>
            <button
              className="InfoButton__Button-sc-13t5e82-0 gxsoyZ"
              onClick={[Function]}
              style={
                {
                  "display": "inline",
                }
              }
              type="button"
            >
              <img
                alt=""
                aria-hidden="true"
                src="test-file-stub"
              />
              <span
                style={
                  {
                    "border": "0",
                    "clip": "rect(0 0 0 0)",
                    "height": "1px",
                    "margin": "-1px",
                    "overflow": "hidden",
                    "padding": "0",
                    "position": "absolute",
                    "whiteSpace": "nowrap",
                    "width": "1px",
                  }
                }
              >
                More information
              </span>
            </button>
          </div>
        </div>
        <div
          className="sc-gzVnrw irZcDK"
          style={
            {
              "width": 500,
            }
          }
        >
          <div
            className="TissueExpressionTrack__PlotWrapper-sc-1t85ku0-6 jiFpkp"
          >
            <svg
              height={20}
              width={500}
            >
              <g
                className="TissueExpressionTrack__RegionHoverTarget-sc-1t85ku0-2 fjPGDI"
                onMouseEnter={[Function]}
                onMouseLeave={[Function]}
              >
                <rect
                  className="TissueExpressionTrack__RegionBackground-sc-1t85ku0-0 laWhbX"
                  height={20}
                  width={9.900990099009901}
                  x={9.900990099009901}
                  y={0}
                />
                <rect
                  className="TissueExpressionTrack__Region-sc-1t85ku0-1 cckHbF"
                  fill="#428bca"
                  height={0}
                  stroke="#428bca"
                  width={9.900990099009901}
                  x={9.900990099009901}
                  y={20}
                />
              </g>
              <g
                className="TissueExpressionTrack__RegionHoverTarget-sc-1t85ku0-2 fjPGDI"
                onMouseEnter={[Function]}
                onMouseLeave={[Function]}
              >
                <rect
                  className="TissueExpressionTrack__RegionBackground-sc-1t85ku0-0 laWhbX"
                  height={20}
                  width={9.9009900990099}
                  x={19.801980198019802}
                  y={0}
                />
                <rect
                  className="TissueExpressionTrack__Region-sc-1t85ku0-1 cckHbF"
                  fill="#428bca"
                  height={6}
                  stroke="#428bca"
                  width={9.9009900990099}
                  x={19.801980198019802}
                  y={14}
                />
              </g>
              <g
                className="TissueExpressionTrack__RegionHoverTarget-sc-1t85ku0-2 fjPGDI"
                onMouseEnter={[Function]}
                onMouseLeave={[Function]}
              >
                <rect
                  className="TissueExpressionTrack__RegionBackground-sc-1t85ku0-0 laWhbX"
                  height={20}
                  width={19.8019801980198}
                  x={39.603960396039604}
                  y={0}
                />
                <rect
                  className="TissueExpressionTrack__Region-sc-1t85ku0-1 cckHbF"
                  fill="#428bca"
                  height={14}
                  stroke="#428bca"
                  width={19.8019801980198}
                  x={39.603960396039604}
                  y={6}
                />
              </g>
            </svg>
            <svg
              height={1}
              width={500}
            >
              <line
                stroke="rgba(0,0,0,0)"
                strokeWidth={1}
                x1={0}
                x2={500}
                y1={0.5}
                y2={0.5}
              />
              <rect
                fill="#000"
                height={1}
                stroke="none"
                width={9.900990099009901}
                x={9.900990099009901}
                y={0}
              />
              <rect
                fill="#000"
                height={1}
                stroke="none"
                width={9.9009900990099}
                x={19.801980198019802}
                y={0}
              />
              <rect
                fill="#000"
                height={1}
                stroke="none"
                width={19.8019801980198}
                x={39.603960396039604}
                y={0}
              />
            </svg>
          </div>
        </div>
        <div
          className="sc-bZQynM hIOTsG"
          style={
            {
              "width": 100,
            }
          }
        >
          <svg
            height={31}
            width={100}
          >
            <line
              stroke="#333"
              x1={0}
              x2={0}
              y1={6}
              y2={25}
            />
            <g
              transform="translate(0, 6)"
            >
              <line
                stroke="#333"
                x1={0}
                x2={3}
                y1={0}
                y2={0}
              />
              <text
                dy="0.45em"
                fill="#000"
                fontSize={10}
                textAnchor="start"
                x={5}
                y={0}
              >
                1
              </text>
            </g>
            <g
              transform="translate(0, 24)"
            >
              <line
                stroke="#333"
                x1={0}
                x2={3}
                y1={0}
                y2={0}
              />
              <text
                dy="0.1em"
                fill="#000"
                fontSize={10}
                textAnchor="start"
                x={5}
                y={0}
              >
                0
              </text>
            </g>
          </svg>
        </div>
      </div>
    </div>
  </div>
</div>
`;
